bad_end_error_pos.lean:1:0: warning: using 'exit' to interrupt Lean
