hinst_lemmas2.lean:1:0: warning: using 'exit' to interrupt Lean
