invalid_ematch_attr.lean:1:0: warning: using 'exit' to interrupt Lean
