result_bug.lean:1:7: error: unknown identifier 'result'
