smt_begin_end1.lean:1:0: warning: using 'exit' to interrupt Lean
