tactic_state_pp.lean:1:0: warning: using 'exit' to interrupt Lean
