task.lean:1:0: warning: using 'exit' to interrupt Lean
