try_for_heap.lean:1:0: warning: using 'exit' to interrupt Lean
